// Jest Snapshot v1, https://goo.gl/fbAQLP

exports[`<HomePage /> HomePage render <UsersList /> render properly 1`] = `ReactWrapper {}`;
