// Jest Snapshot v1, https://goo.gl/fbAQLP

exports[`<OverviewPage /> render properly 1`] = `ReactWrapper {}`;
