// Jest Snapshot v1, https://goo.gl/fbAQLP

exports[`<UserList /> getEmployee is working render properly 1`] = `ReactWrapper {}`;
