// Jest Snapshot v1, https://goo.gl/fbAQLP

exports[`Employees With Snapshot Testing handles ACTION_TYPE correctly 1`] = `
Object {
  "employees": Array [],
}
`;
