// Jest Snapshot v1, https://goo.gl/fbAQLP

exports[`Overviews With Snapshot Testing handles ACTION_TYPE correctly 1`] = `Array []`;
